Build started 28.10.2025 19:02:00.
Logging verbosity is set to: Normal.     1>Project "C:\Из рабочего стола\Labs 3 sem\KPO\SE_Asm01\SE_Asm01.vcxproj" on node 2 (Build target(s)).
     1>PrepareForBuild:
         Structured output is enabled. The formatting of compiler diagnostics will reflect the error hierarchy. See https://aka.ms/cpp/structured-output for more details.
       InitializeBuildStatus:
         Creating "SE_Asm01\Debug\SE_Asm01.tlog\unsuccessfulbuild" because "AlwaysCreate" was specified.
         Touching "SE_Asm01\Debug\SE_Asm01.tlog\unsuccessfulbuild".
       _MASM:
         Assembling LP_asm.asm...
         cmd.exe /C "C:\Users\user\AppData\Local\Temp\tmpf532895407d742328afb982427ac972d.cmd"
         ml.exe /c /nologo /Zi /Fo"SE_Asm01\Debug\LP_asm.obj" /Fl"SE_Asm01\Debug\\" /W3 /errorReport:prompt  /TaLP_asm.asm
       Link:
         C:\Program Files\Microsoft Visual Studio\2022\Community\VC\Tools\MSVC\14.44.35207\bin\HostX86\x86\link.exe /ERRORREPORT:PROMPT /OUT:"C:\Из рабочего стола\Labs 3 sem\KPO\SE_Asm01\Debug\SE_Asm01.exe" /INCREMENTAL /ILK:"SE_Asm01\Debug\SE_Asm01.ilk" /NOLOGO kernel32.lib user32.lib gdi32.lib winspool.lib comdlg32.lib advapi32.lib shell32.lib ole32.lib oleaut32.lib uuid.lib odbc32.lib odbccp32.lib /MANIFEST /MANIFESTUAC:"level='asInvoker' uiAccess='false'" /manifest:embed /DEBUG /PDB:"C:\Из рабочего стола\Labs 3 sem\KPO\SE_Asm01\Debug\SE_Asm01.pdb" /SUBSYSTEM:WINDOWS /TLBID:1 /DYNAMICBASE /NXCOMPAT /IMPLIB:"C:\Из рабочего стола\Labs 3 sem\KPO\SE_Asm01\Debug\SE_Asm01.lib" /MACHINE:X86 SE_Asm01\Debug\LP_asm.obj
         SE_Asm01.vcxproj -> C:\Из рабочего стола\Labs 3 sem\KPO\SE_Asm01\Debug\SE_Asm01.exe
       FinalizeBuildStatus:
         Deleting file "SE_Asm01\Debug\SE_Asm01.tlog\unsuccessfulbuild".
         Touching "SE_Asm01\Debug\SE_Asm01.tlog\SE_Asm01.lastbuildstate".
     1>Done Building Project "C:\Из рабочего стола\Labs 3 sem\KPO\SE_Asm01\SE_Asm01.vcxproj" (Build target(s)).

Build succeeded.
    0 Warning(s)
    0 Error(s)

Time Elapsed 00:00:00.85
