Build started 20.10.2025 16:46:05.
Logging verbosity is set to: Normal.     1>Project "C:\Из рабочего стола\Labs 3 sem\AISD\Lab#7\Lab#7.vcxproj" on node 2 (Build target(s)).
     1>PrepareForBuild:
         Structured output is enabled. The formatting of compiler diagnostics will reflect the error hierarchy. See https://aka.ms/cpp/structured-output for more details.
       InitializeBuildStatus:
         Creating "Lab#7\x64\Debug\Lab#7.tlog\unsuccessfulbuild" because "AlwaysCreate" was specified.
         Touching "Lab#7\x64\Debug\Lab#7.tlog\unsuccessfulbuild".
       ClCompile:
         C:\Program Files\Microsoft Visual Studio\2022\Community\VC\Tools\MSVC\14.44.35207\bin\HostX64\x64\CL.exe /c /ZI /JMC /nologo /W3 /WX- /diagnostics:column /sdl /Od /D _DEBUG /D _CONSOLE /D _UNICODE /D UNICODE /Gm- /EHsc /RTC1 /MDd /GS /fp:precise /Zc:wchar_t /Zc:forScope /Zc:inline /permissive- /Fo"Lab#7\x64\Debug\\" /Fd"Lab#7\x64\Debug\vc143.pdb" /external:W3 /Gd /TP /FC /errorReport:prompt "Lab#7.cpp"
         Lab#7.cpp
     1>C:\Из рабочего стола\Labs 3 sem\AISD\Lab#7\Lab#7.cpp(17,15): warning C4244: 'argument': conversion from 'time_t' to 'unsigned int', possible loss of data
       Link:
         C:\Program Files\Microsoft Visual Studio\2022\Community\VC\Tools\MSVC\14.44.35207\bin\HostX64\x64\link.exe /ERRORREPORT:PROMPT /OUT:"C:\Из рабочего стола\Labs 3 sem\AISD\Lab#7\x64\Debug\Lab#7.exe" /INCREMENTAL /ILK:"Lab#7\x64\Debug\Lab#7.ilk" /NOLOGO kernel32.lib user32.lib gdi32.lib winspool.lib comdlg32.lib advapi32.lib shell32.lib ole32.lib oleaut32.lib uuid.lib odbc32.lib odbccp32.lib /MANIFEST /MANIFESTUAC:"level='asInvoker' uiAccess='false'" /manifest:embed /DEBUG /PDB:"C:\Из рабочего стола\Labs 3 sem\AISD\Lab#7\x64\Debug\Lab#7.pdb" /SUBSYSTEM:CONSOLE /TLBID:1 /DYNAMICBASE /NXCOMPAT /IMPLIB:"C:\Из рабочего стола\Labs 3 sem\AISD\Lab#7\x64\Debug\Lab#7.lib" /MACHINE:X64 "Lab#7\x64\Debug\Lab#7.obj"
         Lab#7.vcxproj -> C:\Из рабочего стола\Labs 3 sem\AISD\Lab#7\x64\Debug\Lab#7.exe
       FinalizeBuildStatus:
         Deleting file "Lab#7\x64\Debug\Lab#7.tlog\unsuccessfulbuild".
         Touching "Lab#7\x64\Debug\Lab#7.tlog\Lab#7.lastbuildstate".
     1>Done Building Project "C:\Из рабочего стола\Labs 3 sem\AISD\Lab#7\Lab#7.vcxproj" (Build target(s)).

Build succeeded.

       "C:\Из рабочего стола\Labs 3 sem\AISD\Lab#7\Lab#7.vcxproj" (Build target) (1) ->
       (ClCompile target) -> 
         C:\Из рабочего стола\Labs 3 sem\AISD\Lab#7\Lab#7.cpp(17,15): warning C4244: 'argument': conversion from 'time_t' to 'unsigned int', possible loss of data

    1 Warning(s)
    0 Error(s)

Time Elapsed 00:00:01.36
